// Jest Snapshot v1, https://goo.gl/fbAQLP

exports[`Row should match snapshot 1`] = `
<div>
  <tr
    class="cursor-pointer hover:bg-gray-100"
  >
    <td
      class="flex items-center gap-x-2"
    >
      <div
        class="relative size-9"
      >
        <img
          alt="Bitcoin"
          src="/logo.png"
        />
      </div>
      <div
        class="flex flex-col"
      >
        <span
          class="text-lg uppercase"
        >
          BTC
        </span>
        <span
          class="text-xs text-gray-500"
        >
          Bitcoin
        </span>
      </div>
    </td>
    <td>
      $
      50,000.00
    </td>
    <td>
      $
      250.00
    </td>
    <td>
      <div
        class="bg-green-100 text-green-500 w-fit rounded-xl px-2 py-1 text-xs font-semibold"
      >
        5.00
        %
      </div>
    </td>
  </tr>
</div>
`;
