// Jest Snapshot v1, https://goo.gl/fbAQLP

exports[`OverviewItem should render the label and children 1`] = `
<div>
  <div
    class="flex flex-col gap-y-1 break-all text-xl text-gray-700"
  >
    <h2
      class="text-sm font-bold"
    >
      Test Label
    </h2>
    <div>
      Test Child
    </div>
  </div>
</div>
`;
