// Jest Snapshot v1, https://goo.gl/fbAQLP

exports[`Home page matches snapshot 1`] = `
<div>
  <div>
    <h1
      class="pb-2 text-3xl font-semibold"
    >
      Real Time Price Tracker (24hr)
    </h1>
    <div
      class="overflow-hidden rounded-lg border bg-white shadow-sm"
    >
      <table
        class="w-full table-fixed"
      >
        <thead>
          <tr
            class="text-left"
          >
            <th>
              Asset
            </th>
            <th>
              Price
            </th>
            <th>
              Price change
            </th>
            <th>
              Percent change (%)
            </th>
          </tr>
        </thead>
        <tbody>
          <tr
            class="cursor-pointer hover:bg-gray-100"
          >
            <td
              class="flex items-center gap-x-2"
            >
              <div
                class="relative size-9"
              >
                <img
                  alt="Bitcoin"
                  src="/images/btc.png"
                />
              </div>
              <div
                class="flex flex-col"
              >
                <span
                  class="text-lg uppercase"
                >
                  btc
                </span>
                <span
                  class="text-xs text-gray-500"
                >
                  Bitcoin
                </span>
              </div>
            </td>
            <td>
              $
              58,578.39
            </td>
            <td>
              $
              1,154.47
            </td>
            <td>
              <div
                class="bg-green-100 text-green-500 w-fit rounded-xl px-2 py-1 text-xs font-semibold"
              >
                2.01
                %
              </div>
            </td>
          </tr>
          <tr
            class="cursor-pointer hover:bg-gray-100"
          >
            <td
              class="flex items-center gap-x-2"
            >
              <div
                class="relative size-9"
              >
                <img
                  alt="Ethereum"
                  src="/images/eth.png"
                />
              </div>
              <div
                class="flex flex-col"
              >
                <span
                  class="text-lg uppercase"
                >
                  eth
                </span>
                <span
                  class="text-xs text-gray-500"
                >
                  Ethereum
                </span>
              </div>
            </td>
            <td>
              $
              2,971.99
            </td>
            <td>
              $
              77.99
            </td>
            <td>
              <div
                class="bg-green-100 text-green-500 w-fit rounded-xl px-2 py-1 text-xs font-semibold"
              >
                2.70
                %
              </div>
            </td>
          </tr>
          <tr
            class="cursor-pointer hover:bg-gray-100"
          >
            <td
              class="flex items-center gap-x-2"
            >
              <div
                class="relative size-9"
              >
                <img
                  alt="Solana"
                  src="/images/sol.png"
                />
              </div>
              <div
                class="flex flex-col"
              >
                <span
                  class="text-lg uppercase"
                >
                  sol
                </span>
                <span
                  class="text-xs text-gray-500"
                >
                  Solana
                </span>
              </div>
            </td>
            <td>
              $
              136.43
            </td>
            <td>
              $
              13.67
            </td>
            <td>
              <div
                class="bg-green-100 text-green-500 w-fit rounded-xl px-2 py-1 text-xs font-semibold"
              >
                11.14
                %
              </div>
            </td>
          </tr>
          <tr
            class="cursor-pointer hover:bg-gray-100"
          >
            <td
              class="flex items-center gap-x-2"
            >
              <div
                class="relative size-9"
              >
                <img
                  alt="Cardano"
                  src="/images/ada.png"
                />
              </div>
              <div
                class="flex flex-col"
              >
                <span
                  class="text-lg uppercase"
                >
                  ada
                </span>
                <span
                  class="text-xs text-gray-500"
                >
                  Cardano
                </span>
              </div>
            </td>
            <td>
              $
              0.45
            </td>
            <td>
              $
              0.02
            </td>
            <td>
              <div
                class="bg-green-100 text-green-500 w-fit rounded-xl px-2 py-1 text-xs font-semibold"
              >
                3.87
                %
              </div>
            </td>
          </tr>
        </tbody>
      </table>
    </div>
  </div>
</div>
`;
